1 2 4 4
0.9603418707847595 0.840140163898468 0.840140163898468 0.7809752821922302 0.7140149474143982 0.7140149474143982 0.7809752821922302 0.7809752821922302 0.6777465343475342 0.6670004725456238 0.6778495907783508 0.7121137976646423 0.9874062538146973 0.9874062538146973 0.9874062538146973 0.9952257871627808 0.792061448097229 0.8743645548820496 0.8743645548820496 0.9978876113891602 0.9401670098304749 0.9401670098304749 0.9401670098304749 0.9978876113891602 0.9401670098304749 0.9401670098304749 0.9401670098304749 0.8360542058944702 0.9401670098304749 0.9401670098304749 0.9401670098304749 0.8546757102012634