1 3
-0.14655888080596924 -0.09158065915107727 -0.3071894347667694