1 10
-1.411787509918213 -9.435802459716797 3.2100775241851807 23.873001098632812 -8.868939399719238 -0.5006895661354065 -11.263490676879883 -8.09832763671875 4.643310546875 7.049903392791748