1 2 2 2
0.8455250859260559 0.7593231201171875 0.9727862477302551 0.9245390295982361 0.8808159232139587 0.9693558216094971 0.6423473954200745 0.9072415232658386