1 3
0.327007532119751 0.4613358974456787 0.5699738264083862