1 3 4 4
0.7060914635658264 0.5763338804244995 0.46862268447875977 0.34286171197891235 0.4318811297416687 0.6762567758560181 0.4977281093597412 0.5334940552711487 0.5678908824920654 0.5771549940109253 0.5971447229385376 0.6110321879386902 0.49572789669036865 0.37587255239486694 0.7381930351257324 0.2341085821390152 0.4525645971298218 0.4639483690261841 0.3477650582790375 0.49202728271484375 0.42344701290130615 0.2716919779777527 0.35155439376831055 0.33283668756484985 0.4155718982219696 0.31405413150787354 0.43778055906295776 0.4717419743537903 0.5829525589942932 0.5947825312614441 0.35021036863327026 0.32960689067840576 -0.8819880485534668 -0.7780089974403381 -0.5480278134346008 -0.5330240726470947 -0.8869311809539795 -0.8145043849945068 -1.0204505920410156 -0.5896507501602173 -0.6273807287216187 -1.1224310398101807 -0.9946460723876953 -0.8323941230773926 -0.9312647581100464 -1.0398000478744507 -0.9745745658874512 -0.7772853374481201