1 3 3 3
-0.31635555624961853 -0.38481196761131287 -0.4335167407989502 -0.015564724802970886 -0.18898169696331024 -0.4442727565765381 -0.5544180274009705 -0.040390923619270325 -0.39732712507247925 0.1083514392375946 0.3240935802459717 0.07401154935359955 0.3326125144958496 0.25993794202804565 0.1792411059141159 0.06804253160953522 0.38686442375183105 0.27911561727523804 0.5484996438026428 0.49609047174453735 0.36259394884109497 0.6889661550521851 0.6387295126914978 0.4205828309059143 0.22819432616233826 0.9049058556556702 0.4588894248008728