1 2 2 2
0.9755659699440002 0.9226926565170288 0.9969183802604675 0.9409661293029785 0.9581743478775024 0.7625157237052917 0.8765429258346558 0.8733133673667908