1 2 2
0.05173050984740257 0.34723982214927673 -0.12983791530132294 0.11009308695793152