1 1
<<<<<<< HEAD
0.47715574502944946
=======
0.4928286671638489
>>>>>>> 932293133341125e44857a018a79d106ec53632e
