1 2 2 2
0.5066584944725037 0.6572242975234985 0.32973361015319824 0.4499276876449585 0.46515893936157227 0.5025982856750488 0.4647558629512787 0.41195738315582275